[www.cerclevivienne.com/index.html]
[static.parastorage.com/services/wix-thunderbolt/dist/originTrials.41d7301a.bundle.min.js]
[static.parastorage.com/unpkg/core-js-bundle@3.2.1/minified.js]
[static.parastorage.com/unpkg/focus-within-polyfill@5.0.9/dist/focus-within-polyfill.js]
[backblue.gif]
[fade.gif]
[index.html]
[polyfill.io/v3/polyfill.mind82c.js]
[static.wixstatic.com/media/b7ba38_a2bf86c560b247da8a44452f97cd7316_mv2.png/v1/fill/w_114,h_62,al_c,q_85,usm_0.66_1.00_0.01,enc_auto/Fichier 7.png]
[www.cerclevivienne.com/actualité.html]
[www.cerclevivienne.com/about-1.html]
[www.cerclevivienne.com/contact.html]
[static.wixstatic.com/media/b7ba38_f9f4dcc84b2647c9a5ff4815d227cf15_mv2.jpg/v1/fill/w_74,h_50,al_c,q_80,usm_0.66_1.00_0.01,blur_2,enc_auto/b7ba38_f9f4dcc84b2647c9a5ff4815d227cf15_mv2.jpg]
[static.wixstatic.com/media/b7ba38_a2bf86c560b247da8a44452f97cd7316_mv2.png/v1/fill/w_392,h_214,al_c,q_85,usm_0.66_1.00_0.01,enc_auto/Fichier 7.png]
[www.cerclevivienne.com/enjeux-questions.html]
[static.wixstatic.com/media/172434_9407be2871624fbba4e9ad5094b7e0c3_mv2.png/v1/crop/x_0,y_13,w_199,h_239/fill/w_78,h_94,al_c,q_85,usm_0.66_1.00_0.01,blur_2,enc_auto/image004.png]
[static.wixstatic.com/media/172434_b69bc8a59422433c9b493d3cfe5c762f_mv2.png/v1/crop/x_0,y_0,w_261,h_287/fill/w_77,h_85,al_c,q_85,usm_0.66_1.00_0.01,blur_2,enc_auto/Arnaud .png]
[static.wixstatic.com/media/b7ba38_a2bf86c560b247da8a44452f97cd7316_mv2.png/v1/fill/w_145,h_79,al_c,q_85,usm_0.66_1.00_0.01,blur_3,enc_auto/Fichier 7.png]
[www.cerclevivienne.com/mentions-légales.html]
[browser.sentry-cdn.com/6.18.2/bundle.min.js]
[www.cerclevivienne.com/sitemap.xml]
[www.cerclevivienne.com/feed.11.delayed]
[www.cerclevivienne.com/${n.12.delayed]
[static.parastorage.com/services/wix-thunderbolt/dist/thunderbolt-commons.eb770ee8.bundle.min.js]
[static.parastorage.com/services/wix-thunderbolt/dist/main.578f27a3.bundle.min.js]
[static.parastorage.com/unpkg/lodash@4.17.21/lodash.min.js]
[static.parastorage.com/unpkg/react@18.2.0/umd/react.production.min.js]
[static.parastorage.com/unpkg/react-dom@18.2.0/umd/react-dom.production.min.js]
[www.cerclevivienne.com/decodeURIComponent(e.18.delayed]
[static.parastorage.com/services/tag-manager-client/1.827.0/siteTags.bundle.min.js]
[www.cerclevivienne.com/index.html]
[static.parastorage.com/services/wix-perf-measure/1.1095.0/wix-perf-measure.umd.min.js]
[static.wixstatic.com/media/b7ba38_f9f4dcc84b2647c9a5ff4815d227cf15_mv2.jpg/v1/fill/w_50,h_33,al_c,q_80,usm_0.66_1.00_0.01,blur_2,enc_auto/b7ba38_f9f4dcc84b2647c9a5ff4815d227cf15_mv2.jpg]
[static.wixstatic.com/media/172434_9407be2871624fbba4e9ad5094b7e0c3_mv2.png/v1/crop/x_0,y_0,w_199,h_265/fill/w_111,h_148,al_c,q_85,usm_0.66_1.00_0.01,blur_3,enc_auto/image004.png]
[www.cerclevivienne.com/copie-de-nos-activités.html]
[static.wixstatic.com/media/172434_b69bc8a59422433c9b493d3cfe5c762f_mv2.png/v1/crop/x_3,y_0,w_254,h_334/fill/w_66,h_87,al_c,q_85,usm_0.66_1.00_0.01,blur_2,enc_auto/Arnaud .png]
[www.cerclevivienne.com/copie-de-archives-matinales.html]
[static.wixstatic.com/media/b7ba38_4aaeb031a1b8454884642d32593859c1_mv2.jpe/v1/fill/w_122,h_78,al_c,q_80,usm_0.66_1.00_0.01,blur_2,/b7ba38_4aaeb031a1b8454884642d32593859c1_mv2.jpg]
[static.wixstatic.com/media/b7ba38_bc4b6ac83ead489987df90e8f5fd1b3a_mv2.jpe/v1/fill/w_93,h_86,al_c,q_80,usm_0.66_1.00_0.01,blur_2,e/b7ba38_bc4b6ac83ead489987df90e8f5fd1b3a_mv2.jpg]
[static.wixstatic.com/media/b7ba38_39805d8c55274127ade2ffd2503f6e7b_mv2.png/v1/fill/w_74,h_74,al_c,q_85,usm_0.66_1.00_0.01,blur_3,enc_auto/003-website.png]
[static.wixstatic.com/media/b7ba38_5c7a30ae9da84cdf8350cfac547dbeeb_mv2.png/v1/fill/w_79,h_79,al_c,q_85,usm_0.66_1.00_0.01,blur_3,enc_auto/001-open-book.png]
[static.wixstatic.com/media/b7ba38_c1b7f06fa6ed4b1d96bd309eda23318e_mv2.png/v1/fill/w_79,h_79,al_c,q_85,usm_0.66_1.00_0.01,blur_3,enc_auto/002-podcast.png]
[www.cerclevivienne.com/actualité.html]
[www.cerclevivienne.com/nos-lectures.html]
[static.wixstatic.com/media/b7ba38_8185b210aafe4f0383c782097f623b0b_mv2.jpg/v1/crop/x_0,y_49,w_397,h_396/fill/w_130,h_130,al_c,q_80,usm_0.66_1.00_0.01,blur_3/Quentin_Bériot_-_copie.26.del]
[static.wixstatic.com/media/b7ba38_bbe89ad04f5943abac07bdc31175a545_mv2.jpg/v1/crop/x_0,y_85,w_2449,h_2451/fill/w_130,h_130,al_c,q_80,usm_0.66_1.00_0.01,blur_3,enc_auto/Xavier Michel.jpg]
[static.wixstatic.com/media/b7ba38_389ac6a2a9a54fa2bfb5c98fc894190c_mv2.jpg/v1/crop/x_29,y_1,w_142,h_142/fill/w_130,h_130,al_c,q_80,usm_0.66_1.00_0.01,blur_3,enc_auto/Christian Marey.jpg]
[static.wixstatic.com/media/b7ba38_b0d096a62aa343e1958c656cd5499ea7_mv2.png/v1/crop/x_0,y_22,w_162,h_162/fill/w_130,h_130,al_c,q_85,usm_0.66_1.00_0.01,blur_3,enc_auto/Image1_edited.png]
[static.wixstatic.com/media/b7ba38_a096c76c676c4179a9a7812d6d20752a_mv2.png/v1/fill/w_81,h_33,al_c,q_85,usm_0.66_1.00_0.01,blur_2,enc_auto/telechargement_ofi-am.png]
[www.cerclevivienne.com/about-1.html]
[static.wixstatic.com/media/b7ba38_abce828123904894805b60529095c475_mv2.jpg/v1/crop/x_697,y_749,w_1047,h_1049/fill/w_130,h_130,al_c,q_80,usm_0.66_1.00_0.01,blur_3/Erwan_Trividic_RE1712_22]
[static.wixstatic.com/media/b7ba38_89a535a54a4b4b2bad15fa2067ece42f_mv2.jpg/v1/crop/x_0,y_49,w_3200,h_3200/fill/w_130,h_130,al_c,q_80,usm_0.66_1.00_0.01,blur_3/202109 Photo ProStéphanie D]
[static.wixstatic.com/media/b7ba38_ae3e640485ee4e40851dc01a8763dd2f_mv2.jpg/v1/crop/x_485,y_266,w_3412,h_3415/fill/w_130,h_130,al_c,q_80,usm_0.66_1.00_0.01,blur_3/Guillaume Leroy.2a.delay]
[static.wixstatic.com/media/b7ba38_b5cc7dbdcb7d434baa284806ab02dfed_mv2.jpg/v1/crop/x_672,y_0,w_1876,h_1876/fill/w_130,h_130,al_c,q_80,usm_0.66_1.00_0.01,blur_3/Pierre François_©Patrice L]
[static.wixstatic.com/media/172434_7d8ffedc4ed340b3abb4905d2f550baf_mv2.jpg/v1/crop/x_170,y_141,w_567,h_568/fill/w_130,h_130,al_c,q_80,usm_0.66_1.00_0.01,blur_3/Erwan-Floch-20210309-3853-]
[static.parastorage.com/services/editor-elements-library/dist/thunderbolt/media/sloppyframe.d2412ec4.png]
[static.wixstatic.com/media/b7ba38_9b648a8c897f4da6a2a05c81da231676_mv2.jpg/v1/crop/x_0,y_0,w_464,h_465/fill/w_130,h_130,al_c,q_80,usm_0.66_1.00_0.01,blur_3/Photo%20MOMBAZET%20Jean%203_ed]
[static.wixstatic.com/media/b7ba38_ddc0119f79524051bb200da7e71e7dee_mv2.jpg/v1/crop/x_0,y_586,w_2629,h_2625/fill/w_130,h_130,al_c,q_80,usm_0.66_1.00_0.01,blur_3/Michel Charton_JPG.2f.dela]
[static.wixstatic.com/media/b7ba38_2fc112e8e5c24732821128b42907ff08_mv2.jpg/v1/crop/x_0,y_7,w_120,h_120/fill/w_130,h_130,al_c,lg_1,q_80,blur_3,enc_auto/Jean%20Sammut%2022-3_edited.31.dela]
[static.wixstatic.com/media/b7ba38_a2bf86c560b247da8a44452f97cd7316_mv2.png/v1/fill/w_314,h_172,al_c,q_85,usm_0.66_1.00_0.01,enc_auto/Fichier 7.png]
[www.cerclevivienne.com/contact.html]
[www.cerclevivienne.com/enjeux-questions.html]
[www.cerclevivienne.com/mentions-légales.html]
[www.cerclevivienne.com/feed.html]
[www.cerclevivienne.com/${n.html]
[www.cerclevivienne.com/decodeURIComponent(e.html]
[static.wixstatic.com/media/11062b_88eac2ecc09f44edaad0af0db2e34986_mv2.jpg/v1/fill/w_50,h_33,al_c,q_80,usm_0.66_1.00_0.01,blur_2,enc_auto/11062b_88eac2ecc09f44edaad0af0db2e34986_mv2.jpg]
[www.cerclevivienne.com/copie-de-nos-activités.html]
[www.cerclevivienne.com/copie-de-archives-matinales.html]
[static.wixstatic.com/media/11062b_5a379cdb5ff04001bf305c30d70e81ac_mv2.jpg/v1/fill/w_158,h_105,al_c,q_80,usm_0.66_1.00_0.01,blur_3,enc_auto/Feuille de soins.jpg]
[static.wixstatic.com/media/b7ba38_c343a7e91b7443f5b8238ce2080f54f3_mv2.jpeg/v1/fill/w_141,h_228,al_c,q_80,usm_0.66_1.00_0.01,blur_3,enc_auto/Traite-de-l-efficacite.jpg]
[static.wixstatic.com/media/b7ba38_18cb3f2d340c4de08c56f174cb30abbf_mv2.jpeg/v1/fill/w_143,h_228,al_c,q_80,usm_0.66_1.00_0.01,blur_3,enc_auto/La-strategie-du-poulpe.jpg]
[static.wixstatic.com/media/b7ba38_9e936c8076a6446093451a69c2580488_mv2.jpg/v1/fill/w_158,h_228,al_c,q_80,usm_0.66_1.00_0.01,blur_3/Capture%20d%E2%80%99e%CC%81cran%202014-03-03%20a%CC%80%]
[www.cerclevivienne.com/_files/ugd/responsabilit%C3%A9_societale.pdf_; filename_=UTF-8''responsabilit%C3%A9_societale.pdf]
[static.wixstatic.com/media/b7ba38_bd6f8539af234941b014e764bb8fd40a_mv2.jpg/v1/fill/w_151,h_228,al_c,q_80,usm_0.66_1.00_0.01,blur_3/Capture%20d%E2%80%99e%CC%81cran%202014-02-23%20a%CC%80%]
[www.cerclevivienne.com/_files/ugd/nouveau_regard.pdf_; filename_=UTF-8''nouveau_regard.pdf]
[static.wixstatic.com/media/b7ba38_31477359d80c4f9e942522910b3616b3_mv2.jpg/v1/fill/w_158,h_225,al_c,q_80,usm_0.66_1.00_0.01,blur_3/Capture%20d%E2%80%99e%CC%81cran%202014-02-20%20a%CC%80%]
[www.cerclevivienne.com/_files/ugd/enquete_annuelle.pdf_; filename_=UTF-8''enquete_annuelle.pdf]
[www.cerclevivienne.com/_files/ugd/strat%C3%A9gie_investissement.pdf_; filename_=UTF-8''strat%C3%A9gie_investissement.pdf]
[static.wixstatic.com/media/b7ba38_c7cb29498a864a6f92ca6de7623f99b4_mv2.jpg/v1/crop/x_10,y_0,w_331,h_478/fill/w_158,h_228,al_c,q_80,usm_0.66_1.00_0.01,blur_3/Capture%20d%E2%80%99e%CC%81cr]
[static.wixstatic.com/media/b7ba38_f5549bf97149482593d3cd4746bad815_mv2.jpg/v1/fill/w_158,h_226,al_c,q_80,usm_0.66_1.00_0.01,blur_3/Capture%20d%E2%80%99e%CC%81cran%202014-02-20%20a%CC%80%]
[www.cerclevivienne.com/_files/ugd/assurance_maladie.pdf_; filename_=UTF-8''assurance_maladie.pdf]
[static.wixstatic.com/media/b7ba38_266647b205fc4ac9a3d8c17847eab942_mv2.jpg/v1/fill/w_158,h_85,al_c,q_80,usm_0.66_1.00_0.01,blur_3,enc_auto/RDV%20ESS_edited_edited.jpg]
[www.cerclevivienne.com/_files/ugd/rdv_economie.pdf_; filename_=UTF-8''rdv_economie.pdf]
[static.wixstatic.com/media/b7ba38_4ace44bdc8e34ac8bb21292aa1977162_mv2.jpg/v1/fill/w_144,h_228,al_c,q_80,usm_0.66_1.00_0.01,blur_3,enc_auto/image%20convivialisme_edited.jpg]
[www.cerclevivienne.com/_files/ugd/manifeste_convivialiste.pdf_; filename_=UTF-8''manifeste_convivialiste.pdf]
[static.wixstatic.com/media/b7ba38_0276dc8378c94d95893d19c6a2df1afb_mv2.jpg/v1/fill/w_158,h_79,al_c,q_80,usm_0.66_1.00_0.01,blur_3,enc_auto/etats%20ge%CC%81ne%CC%81raux%20ESS_edited.jpg]
[www.cerclevivienne.com/_files/ugd/%C3%A9tats_g%C3%A9n%C3%A9raux.pdf_; filename_=UTF-8''%C3%A9tats_g%C3%A9n%C3%A9raux.pdf]
[www.cerclevivienne.com/nos-lectures.html]
